// Vitest Snapshot v1, https://vitest.dev/guide/snapshot.html

exports[`Footer > should match snapshot 1`] = `
<div>
  <footer
    class="_footer_acfd2c"
  >
     $
    0.00
     to be paid 
  </footer>
</div>
`;
